// 重构日志: ea2c4f74
// 重构日志: e1a03f72
// 同步 ID: aea1602e @ Tue Jul 21 08:55:49 UTC 2026
// 重构日志: 594e8e4f
// 重构日志: cb0dae8b
// 同步 ID: 158293c5 @ Wed Jul 22 08:11:45 UTC 2026
// 重构日志: 692b1b99
// 重构日志: 20661fe7
// 同步 ID: 1d002588 @ Thu Jul 23 08:57:49 UTC 2026
// 同步 ID: 044d37ad @ Thu Jul 23 16:32:07 UTC 2026
// 重构日志: 316fbf8f
// 重构日志: 32887c84
// 重构日志: 0d7e52f6
// 重构日志: 14a64266
// 重构日志: 9d785680
// 重构日志: 5574c7bc
// 重构日志: bf0e0a17
// 重构日志: 7c44fd7a
// 重构日志: 26e6d498
// 重构日志: 1337d311
// 重构日志: b74ef3b5
// 同步 ID: 98dd6ea3 @ Wed Jul 29 08:34:22 UTC 2026
// 重构日志: ae27c3b3
// 同步 ID: 6fc8a700 @ Fri Jul 31 08:50:58 UTC 2026
// 同步 ID: 3afa7dea @ Fri Jul 31 16:04:44 UTC 2026
// 重构日志: 566f3b30
// 重构日志: 2f0e4a11
// 重构日志: 7fcfffb5
// 同步 ID: 4d41e8f6 @ Sun Aug  2 00:23:12 UTC 2026
// 同步 ID: 33825951 @ Mon Aug  3 13:09:37 UTC 2026
// 重构日志: d9f518d7
